python : \u26a0\ufe0f ENCRYPTION_KEY not set. Using temporary key for development. DO NOT use in production!
At line:1 char:1
+ python -m pytest backend/tests/test_auth_hardened.py::test_refresh_to ...
+ ~~~~~~~~~~~~~~~~~~~~~~~~~~~~~~~~~~~~~~~~~~~~~~~~~~~~~~~~~~~~~~~~~~~~~
    + CategoryInfo          : NotSpecified: (\u26a0\ufe0f EN... in production!:String) [], RemoteException
    + FullyQualifiedErrorId : NativeCommandError
 
WARNING:backend.google_drive_client:Google OAuth not fully configured. CLIENT_ID: missing, CLIENT_SECRET: missing
INFO:backend.core.startup:[STARTUP] Google Drive Client Initialized.
INFO:apscheduler.scheduler:Scheduler started
INFO:smart_clinic:\u2139\ufe0f No REDIS_URL found. Using Local Memory Cache.
INFO:backend.ai.tools.registry:[EXTENSION] Loaded tool: echo_test from sample_echo.py
INFO:backend.core.exceptions:Exception handlers registered
============================= test session starts =============================
platform win32 -- Python 3.13.11, pytest-9.0.2, pluggy-1.6.0 -- C:\Users\es\AppData\Local\Programs\Python\Python313\python.exe
cachedir: .pytest_cache
rootdir: D:\DENTIX\backend
configfile: pytest.ini
plugins: anyio-4.12.1, Faker-40.1.2, locust-2.43.1, asyncio-1.3.0, cov-4.1.0
asyncio: mode=Mode.AUTO, debug=False, asyncio_default_fixture_loop_scope=None, asyncio_default_test_loop_scope=function
collecting ... collected 1 item

INFO:slowapi:Storage has been reset and all limits cleared
INFO:backend.main:[STARTUP] Server Starting...
INFO:backend.main:[STARTUP] Database tables verified/created.
INFO:backend.main:[STARTUP] Running schema migrations...
INFO:smart_clinic.migrations:[MIGRATION] Starting schema checks...
INFO:smart_clinic.migrations:[MIGRATION] Verified table 'salary_payments'
INFO:smart_clinic.migrations:[MIGRATION] Verified table 'support_messages'
INFO:smart_clinic.migrations:[MIGRATION] Verified table 'ai_usage_logs'
INFO:smart_clinic.migrations:[MIGRATION] Verified table 'notifications'
INFO:smart_clinic.migrations:[MIGRATION] Verified table 'saved_medications'
INFO:smart_clinic.migrations:[MIGRATION] Schema checks completed.
INFO:smart_clinic.migrations:[MIGRATION] Verified Security Tables
INFO:smart_clinic.migrations:[MIGRATION] Verified Price List Tables
INFO:backend.core.startup:[STARTUP] Running startup patches (place-holder)...
INFO:backend.main:[STARTUP] Seeding initial data...
INFO:backend.core.seeding:[SEED] Subscription plans already exist. Skipping.
INFO:backend.core.seeding:[SEED] SUPER_ADMIN_EMAIL or SUPER_ADMIN_PASSWORD not set. Skipping super admin creation.
INFO:backend.main:[STARTUP] Seeding Global Procedures...
INFO:backend.main:[STARTUP] Global Procedures Seeded.
INFO:backend.main:[STARTUP] Running Global Procedure Propagation...
INFO:backend.main:[STARTUP] Global Procedure Propagation Complete.
INFO:backend.main:[STARTUP] System Ready.
INFO:httpx:HTTP Request: POST http://testserver/api/v1/token "HTTP/1.1 200 OK"
ERROR:smart_clinic:Failed to save rotated session: (sqlite3.IntegrityError) UNIQUE constraint failed: 
user_sessions.token_hash
[SQL: INSERT INTO user_sessions (user_id, token_hash, ip_address, user_agent, device_info, last_active_at, expires_at, 
is_active, created_at) VALUES (?, ?, ?, ?, ?, ?, ?, ?, ?)]
[parameters: (1, 'fdebab23147113d92940e7ce3d1fcba287cf320efcd95cedbae14c1b60acc50c', None, 'testclient', 
'73263ebb-8d7a-4f50-b43f-6809d7241805', '2026-04-16 18:04:39.455600', '2026-04-23 18:04:39.455212', 1, '2026-04-16 
18:04:39.455606')]
(Background on this error at: https://sqlalche.me/e/20/gkpj)
ERROR:smart_clinic:Token refresh error: This Session's transaction has been rolled back due to a previous exception 
during flush. To begin a new transaction with this Session, first issue Session.rollback(). Original exception was: 
(sqlite3.IntegrityError) UNIQUE constraint failed: user_sessions.token_hash
[SQL: INSERT INTO user_sessions (user_id, token_hash, ip_address, user_agent, device_info, last_active_at, expires_at, 
is_active, created_at) VALUES (?, ?, ?, ?, ?, ?, ?, ?, ?)]
[parameters: (1, 'fdebab23147113d92940e7ce3d1fcba287cf320efcd95cedbae14c1b60acc50c', None, 'testclient', 
'73263ebb-8d7a-4f50-b43f-6809d7241805', '2026-04-16 18:04:39.455600', '2026-04-23 18:04:39.455212', 1, '2026-04-16 
18:04:39.455606')]
(Background on this error at: https://sqlalche.me/e/20/gkpj) (Background on this error at: 
https://sqlalche.me/e/20/7s2a)
Traceback (most recent call last):
  File "D:\DENTIX\backend\routers\auth\login.py", line 281, in refresh_token
    "role": user.role,
            ^^^^^^^^^
  File "C:\Users\es\AppData\Local\Programs\Python\Python313\Lib\site-packages\sqlalchemy\orm\attributes.py", line 569, 
in __get__
    return self.impl.get(state, dict_)  # type: ignore[no-any-return]
           ~~~~~~~~~~~~~^^^^^^^^^^^^^^
  File "C:\Users\es\AppData\Local\Programs\Python\Python313\Lib\site-packages\sqlalchemy\orm\attributes.py", line 
1096, in get
    value = self._fire_loader_callables(state, key, passive)
  File "C:\Users\es\AppData\Local\Programs\Python\Python313\Lib\site-packages\sqlalchemy\orm\attributes.py", line 
1126, in _fire_loader_callables
    return state._load_expired(state, passive)
           ~~~~~~~~~~~~~~~~~~~^^^^^^^^^^^^^^^^
  File "C:\Users\es\AppData\Local\Programs\Python\Python313\Lib\site-packages\sqlalchemy\orm\state.py", line 828, in 
_load_expired
    self.manager.expired_attribute_loader(self, toload, passive)
    ~~~~~~~~~~~~~~~~~~~~~~~~~~~~~~~~~~~~~^^^^^^^^^^^^^^^^^^^^^^^
  File "C:\Users\es\AppData\Local\Programs\Python\Python313\Lib\site-packages\sqlalchemy\orm\loading.py", line 1674, 
in load_scalar_attributes
    result = load_on_ident(
        session,
    ...<4 lines>...
        no_autoflush=no_autoflush,
    )
  File "C:\Users\es\AppData\Local\Programs\Python\Python313\Lib\site-packages\sqlalchemy\orm\loading.py", line 510, in 
load_on_ident
    return load_on_pk_identity(
        session,
    ...<11 lines>...
        is_user_refresh=is_user_refresh,
    )
  File "C:\Users\es\AppData\Local\Programs\Python\Python313\Lib\site-packages\sqlalchemy\orm\loading.py", line 695, in 
load_on_pk_identity
    session.execute(
    ~~~~~~~~~~~~~~~^
        q,
        ^^
    ...<2 lines>...
        bind_arguments=bind_arguments,
        ^^^^^^^^^^^^^^^^^^^^^^^^^^^^^^
    )
    ^
  File "C:\Users\es\AppData\Local\Programs\Python\Python313\Lib\site-packages\sqlalchemy\orm\session.py", line 2351, 
in execute
    return self._execute_internal(
           ~~~~~~~~~~~~~~~~~~~~~~^
        statement,
        ^^^^^^^^^^
    ...<4 lines>...
        _add_event=_add_event,
        ^^^^^^^^^^^^^^^^^^^^^^
    )
    ^
  File "C:\Users\es\AppData\Local\Programs\Python\Python313\Lib\site-packages\sqlalchemy\orm\session.py", line 2239, 
in _execute_internal
    conn = self._connection_for_bind(bind)
  File "C:\Users\es\AppData\Local\Programs\Python\Python313\Lib\site-packages\sqlalchemy\orm\session.py", line 2108, 
in _connection_for_bind
    return trans._connection_for_bind(engine, execution_options)
           ~~~~~~~~~~~~~~~~~~~~~~~~~~^^^^^^^^^^^^^^^^^^^^^^^^^^^
  File "<string>", line 2, in _connection_for_bind
  File "C:\Users\es\AppData\Local\Programs\Python\Python313\Lib\site-packages\sqlalchemy\orm\state_changes.py", line 
101, in _go
    self._raise_for_prerequisite_state(fn.__name__, current_state)
    ~~~~~~~~~~~~~~~~~~~~~~~~~~~~~~~~~~^^^^^^^^^^^^^^^^^^^^^^^^^^^^
  File "C:\Users\es\AppData\Local\Programs\Python\Python313\Lib\site-packages\sqlalchemy\orm\session.py", line 971, in 
_raise_for_prerequisite_state
    raise sa_exc.PendingRollbackError(
    ...<6 lines>...
    )
sqlalchemy.exc.PendingRollbackError: This Session's transaction has been rolled back due to a previous exception 
during flush. To begin a new transaction with this Session, first issue Session.rollback(). Original exception was: 
(sqlite3.IntegrityError) UNIQUE constraint failed: user_sessions.token_hash
[SQL: INSERT INTO user_sessions (user_id, token_hash, ip_address, user_agent, device_info, last_active_at, expires_at, 
is_active, created_at) VALUES (?, ?, ?, ?, ?, ?, ?, ?, ?)]
[parameters: (1, 'fdebab23147113d92940e7ce3d1fcba287cf320efcd95cedbae14c1b60acc50c', None, 'testclient', 
'73263ebb-8d7a-4f50-b43f-6809d7241805', '2026-04-16 18:04:39.455600', '2026-04-23 18:04:39.455212', 1, '2026-04-16 
18:04:39.455606')]
(Background on this error at: https://sqlalche.me/e/20/gkpj) (Background on this error at: 
https://sqlalche.me/e/20/7s2a)
INFO:httpx:HTTP Request: POST http://testserver/api/v1/refresh "HTTP/1.1 500 Internal Server Error"
backend\tests\test_auth_hardened.py::test_refresh_token_rotation Running database seeding...
Seeding completed successfully.
Checking procedures...
Done! Added 0 new procedures. Skipped 33 existing.
Starting Global Procedure Propagation...
Found 33 global procedures.
Found 1 tenants.
Processing Tenant: System Admin (1)
  [WARN] No default price list for System Admin. Skipping.

Success! Inserted 0 new price list items across all tenants.
FAILED

================================== FAILURES ===================================
_________________________ test_refresh_token_rotation _________________________
backend\tests\test_auth_hardened.py:117: in test_refresh_token_rotation
    assert refresh_resp.status_code == 200, f"Refresh failed: {refresh_resp.text[:200]}"
E   AssertionError: Refresh failed: {"error":{"code":"HTTP_500","message":"Token refresh failed","details":null,"trace_id":"37763aa8-8642-4dd2-b5f5-907d46a66190","timestamp":"2026-04-16T18:04:39.463630+00:00","path":"/api/v1/refresh"}}
E   assert 500 == 200
E    +  where 500 = <Response [500 Internal Server Error]>.status_code
----------------------------- Captured log setup ------------------------------
INFO     slowapi:extension.py:360 Storage has been reset and all limits cleared
INFO     backend.main:main.py:47 [STARTUP] Server Starting...
INFO     backend.main:main.py:70 [STARTUP] Database tables verified/created.
INFO     backend.main:main.py:76 [STARTUP] Running schema migrations...
INFO     smart_clinic.migrations:migrations.py:9 [MIGRATION] Starting schema checks...
INFO     smart_clinic.migrations:migrations.py:110 [MIGRATION] Verified table 'salary_payments'
INFO     smart_clinic.migrations:migrations.py:172 [MIGRATION] Verified table 'support_messages'
INFO     smart_clinic.migrations:migrations.py:203 [MIGRATION] Verified table 'ai_usage_logs'
INFO     smart_clinic.migrations:migrations.py:249 [MIGRATION] Verified table 'notifications'
INFO     smart_clinic.migrations:migrations.py:275 [MIGRATION] Verified table 'saved_medications'
INFO     smart_clinic.migrations:migrations.py:283 [MIGRATION] Schema checks completed.
INFO     smart_clinic.migrations:migrations.py:327 [MIGRATION] Verified Security Tables
INFO     smart_clinic.migrations:migrations.py:386 [MIGRATION] Verified Price List Tables
INFO     backend.core.startup:startup.py:37 [STARTUP] Running startup patches (place-holder)...
INFO     backend.main:main.py:91 [STARTUP] Seeding initial data...
INFO     backend.core.seeding:seeding.py:58 [SEED] Subscription plans already exist. Skipping.
INFO     backend.core.seeding:seeding.py:16 [SEED] SUPER_ADMIN_EMAIL or SUPER_ADMIN_PASSWORD not set. Skipping super admin creation.
INFO     backend.main:main.py:108 [STARTUP] Seeding Global Procedures...
INFO     backend.main:main.py:112 [STARTUP] Global Procedures Seeded.
INFO     backend.main:main.py:114 [STARTUP] Running Global Procedure Propagation...
INFO     backend.main:main.py:118 [STARTUP] Global Procedure Propagation Complete.
INFO     backend.main:main.py:122 [STARTUP] System Ready.
------------------------------ Captured log call ------------------------------
INFO     httpx:_client.py:1013 HTTP Request: POST http://testserver/api/v1/token "HTTP/1.1 200 OK"
ERROR    smart_clinic:login.py:275 Failed to save rotated session: (sqlite3.IntegrityError) UNIQUE constraint failed: user_sessions.token_hash
[SQL: INSERT INTO user_sessions (user_id, token_hash, ip_address, user_agent, device_info, last_active_at, expires_at, is_active, created_at) VALUES (?, ?, ?, ?, ?, ?, ?, ?, ?)]
[parameters: (1, 'fdebab23147113d92940e7ce3d1fcba287cf320efcd95cedbae14c1b60acc50c', None, 'testclient', '73263ebb-8d7a-4f50-b43f-6809d7241805', '2026-04-16 18:04:39.455600', '2026-04-23 18:04:39.455212', 1, '2026-04-16 18:04:39.455606')]
(Background on this error at: https://sqlalche.me/e/20/gkpj)
ERROR    smart_clinic:login.py:293 Token refresh error: This Session's transaction has been rolled back due to a previous exception during flush. To begin a new transaction with this Session, first issue Session.rollback(). Original exception was: (sqlite3.IntegrityError) UNIQUE constraint failed: user_sessions.token_hash
[SQL: INSERT INTO user_sessions (user_id, token_hash, ip_address, user_agent, device_info, last_active_at, expires_at, is_active, created_at) VALUES (?, ?, ?, ?, ?, ?, ?, ?, ?)]
[parameters: (1, 'fdebab23147113d92940e7ce3d1fcba287cf320efcd95cedbae14c1b60acc50c', None, 'testclient', '73263ebb-8d7a-4f50-b43f-6809d7241805', '2026-04-16 18:04:39.455600', '2026-04-23 18:04:39.455212', 1, '2026-04-16 18:04:39.455606')]
(Background on this error at: https://sqlalche.me/e/20/gkpj) (Background on this error at: https://sqlalche.me/e/20/7s2a)
Traceback (most recent call last):
  File "D:\DENTIX\backend\routers\auth\login.py", line 281, in refresh_token
    "role": user.role,
            ^^^^^^^^^
  File "C:\Users\es\AppData\Local\Programs\Python\Python313\Lib\site-packages\sqlalchemy\orm\attributes.py", line 569, in __get__
    return self.impl.get(state, dict_)  # type: ignore[no-any-return]
           ~~~~~~~~~~~~~^^^^^^^^^^^^^^
  File "C:\Users\es\AppData\Local\Programs\Python\Python313\Lib\site-packages\sqlalchemy\orm\attributes.py", line 1096, in get
    value = self._fire_loader_callables(state, key, passive)
  File "C:\Users\es\AppData\Local\Programs\Python\Python313\Lib\site-packages\sqlalchemy\orm\attributes.py", line 1126, in _fire_loader_callables
    return state._load_expired(state, passive)
           ~~~~~~~~~~~~~~~~~~~^^^^^^^^^^^^^^^^
  File "C:\Users\es\AppData\Local\Programs\Python\Python313\Lib\site-packages\sqlalchemy\orm\state.py", line 828, in _load_expired
    self.manager.expired_attribute_loader(self, toload, passive)
    ~~~~~~~~~~~~~~~~~~~~~~~~~~~~~~~~~~~~~^^^^^^^^^^^^^^^^^^^^^^^
  File "C:\Users\es\AppData\Local\Programs\Python\Python313\Lib\site-packages\sqlalchemy\orm\loading.py", line 1674, in load_scalar_attributes
    result = load_on_ident(
        session,
    ...<4 lines>...
        no_autoflush=no_autoflush,
    )
  File "C:\Users\es\AppData\Local\Programs\Python\Python313\Lib\site-packages\sqlalchemy\orm\loading.py", line 510, in load_on_ident
    return load_on_pk_identity(
        session,
    ...<11 lines>...
        is_user_refresh=is_user_refresh,
    )
  File "C:\Users\es\AppData\Local\Programs\Python\Python313\Lib\site-packages\sqlalchemy\orm\loading.py", line 695, in load_on_pk_identity
    session.execute(
    ~~~~~~~~~~~~~~~^
        q,
        ^^
    ...<2 lines>...
        bind_arguments=bind_arguments,
        ^^^^^^^^^^^^^^^^^^^^^^^^^^^^^^
    )
    ^
  File "C:\Users\es\AppData\Local\Programs\Python\Python313\Lib\site-packages\sqlalchemy\orm\session.py", line 2351, in execute
    return self._execute_internal(
           ~~~~~~~~~~~~~~~~~~~~~~^
        statement,
        ^^^^^^^^^^
    ...<4 lines>...
        _add_event=_add_event,
        ^^^^^^^^^^^^^^^^^^^^^^
    )
    ^
  File "C:\Users\es\AppData\Local\Programs\Python\Python313\Lib\site-packages\sqlalchemy\orm\session.py", line 2239, in _execute_internal
    conn = self._connection_for_bind(bind)
  File "C:\Users\es\AppData\Local\Programs\Python\Python313\Lib\site-packages\sqlalchemy\orm\session.py", line 2108, in _connection_for_bind
    return trans._connection_for_bind(engine, execution_options)
           ~~~~~~~~~~~~~~~~~~~~~~~~~~^^^^^^^^^^^^^^^^^^^^^^^^^^^
  File "<string>", line 2, in _connection_for_bind
  File "C:\Users\es\AppData\Local\Programs\Python\Python313\Lib\site-packages\sqlalchemy\orm\state_changes.py", line 101, in _go
    self._raise_for_prerequisite_state(fn.__name__, current_state)
    ~~~~~~~~~~~~~~~~~~~~~~~~~~~~~~~~~~^^^^^^^^^^^^^^^^^^^^^^^^^^^^
  File "C:\Users\es\AppData\Local\Programs\Python\Python313\Lib\site-packages\sqlalchemy\orm\session.py", line 971, in _raise_for_prerequisite_state
    raise sa_exc.PendingRollbackError(
    ...<6 lines>...
    )
sqlalchemy.exc.PendingRollbackError: This Session's transaction has been rolled back due to a previous exception during flush. To begin a new transaction with this Session, first issue Session.rollback(). Original exception was: (sqlite3.IntegrityError) UNIQUE constraint failed: user_sessions.token_hash
[SQL: INSERT INTO user_sessions (user_id, token_hash, ip_address, user_agent, device_info, last_active_at, expires_at, is_active, created_at) VALUES (?, ?, ?, ?, ?, ?, ?, ?, ?)]
[parameters: (1, 'fdebab23147113d92940e7ce3d1fcba287cf320efcd95cedbae14c1b60acc50c', None, 'testclient', '73263ebb-8d7a-4f50-b43f-6809d7241805', '2026-04-16 18:04:39.455600', '2026-04-23 18:04:39.455212', 1, '2026-04-16 18:04:39.455606')]
(Background on this error at: https://sqlalche.me/e/20/gkpj) (Background on this error at: https://sqlalche.me/e/20/7s2a)
INFO     httpx:_client.py:1013 HTTP Request: POST http://testserver/api/v1/refresh "HTTP/1.1 500 Internal Server Error"
============================== warnings summary ===============================
backend\schemas\laboratory.py:86
  D:\DENTIX\backend\schemas\laboratory.py:86: DeprecationWarning: datetime.datetime.utcnow() is deprecated and scheduled for removal in a future version. Use timezone-aware objects to represent datetimes in UTC: datetime.datetime.now(datetime.UTC).
    date: datetime = datetime.utcnow()

backend\schemas\inventory.py:27
  D:\DENTIX\backend\schemas\inventory.py:27: PydanticDeprecatedSince20: Support for class-based `config` is deprecated, use ConfigDict instead. Deprecated in Pydantic V2.0 to be removed in V3.0. See Pydantic V2 Migration Guide at https://errors.pydantic.dev/2.12/migration/
    class WarehouseRead(WarehouseBase):

backend\schemas\inventory.py:58
  D:\DENTIX\backend\schemas\inventory.py:58: PydanticDeprecatedSince20: Support for class-based `config` is deprecated, use ConfigDict instead. Deprecated in Pydantic V2.0 to be removed in V3.0. See Pydantic V2 Migration Guide at https://errors.pydantic.dev/2.12/migration/
    class MaterialRead(MaterialBase):

backend\schemas\inventory.py:78
  D:\DENTIX\backend\schemas\inventory.py:78: PydanticDeprecatedSince20: Support for class-based `config` is deprecated, use ConfigDict instead. Deprecated in Pydantic V2.0 to be removed in V3.0. See Pydantic V2 Migration Guide at https://errors.pydantic.dev/2.12/migration/
    class BatchRead(BatchBase):

backend\schemas\inventory.py:97
  D:\DENTIX\backend\schemas\inventory.py:97: PydanticDeprecatedSince20: Support for class-based `config` is deprecated, use ConfigDict instead. Deprecated in Pydantic V2.0 to be removed in V3.0. See Pydantic V2 Migration Guide at https://errors.pydantic.dev/2.12/migration/
    class StockItemRead(StockItemBase):

backend\schemas\inventory.py:118
  D:\DENTIX\backend\schemas\inventory.py:118: PydanticDeprecatedSince20: Support for class-based `config` is deprecated, use ConfigDict instead. Deprecated in Pydantic V2.0 to be removed in V3.0. See Pydantic V2 Migration Guide at https://errors.pydantic.dev/2.12/migration/
    class MaterialSessionRead(MaterialSessionBase):

backend\schemas\inventory.py:162
  D:\DENTIX\backend\schemas\inventory.py:162: PydanticDeprecatedSince20: Support for class-based `config` is deprecated, use ConfigDict instead. Deprecated in Pydantic V2.0 to be removed in V3.0. See Pydantic V2 Migration Guide at https://errors.pydantic.dev/2.12/migration/
    class StockMovementRead(BaseModel):

backend\schemas\inventory.py:192
  D:\DENTIX\backend\schemas\inventory.py:192: PydanticDeprecatedSince20: Support for class-based `config` is deprecated, use ConfigDict instead. Deprecated in Pydantic V2.0 to be removed in V3.0. See Pydantic V2 Migration Guide at https://errors.pydantic.dev/2.12/migration/
    class ProcedureName(BaseModel):

backend\schemas\inventory.py:199
  D:\DENTIX\backend\schemas\inventory.py:199: PydanticDeprecatedSince20: Support for class-based `config` is deprecated, use ConfigDict instead. Deprecated in Pydantic V2.0 to be removed in V3.0. See Pydantic V2 Migration Guide at https://errors.pydantic.dev/2.12/migration/
    class ProcedureWeightRead(ProcedureWeightBase):

C:\Users\es\AppData\Local\Programs\Python\Python313\Lib\site-packages\zxcvbn\__init__.py:6
  C:\Users\es\AppData\Local\Programs\Python\Python313\Lib\site-packages\zxcvbn\__init__.py:6: DeprecationWarning: deprecated
    warnings.warn("deprecated", DeprecationWarning)

backend\routers\admin_doctors.py:28
  D:\DENTIX\backend\routers\admin_doctors.py:28: PydanticDeprecatedSince20: Support for class-based `config` is deprecated, use ConfigDict instead. Deprecated in Pydantic V2.0 to be removed in V3.0. See Pydantic V2 Migration Guide at https://errors.pydantic.dev/2.12/migration/
    class DoctorVisibilityResponse(BaseModel):

backend\routers\price_lists.py:49
  D:\DENTIX\backend\routers\price_lists.py:49: PydanticDeprecatedSince20: Support for class-based `config` is deprecated, use ConfigDict instead. Deprecated in Pydantic V2.0 to be removed in V3.0. See Pydantic V2 Migration Guide at https://errors.pydantic.dev/2.12/migration/
    class PriceListResponse(BaseModel):

backend\routers\insurance.py:32
  D:\DENTIX\backend\routers\insurance.py:32: PydanticDeprecatedSince20: Support for class-based `config` is deprecated, use ConfigDict instead. Deprecated in Pydantic V2.0 to be removed in V3.0. See Pydantic V2 Migration Guide at https://errors.pydantic.dev/2.12/migration/
    class InsuranceProviderResponse(BaseModel):

backend\main.py:409
  D:\DENTIX\backend\main.py:409: DeprecationWarning: 
          on_event is deprecated, use lifespan event handlers instead.
  
          Read more about it in the
          [FastAPI docs for Lifespan Events](https://fastapi.tiangolo.com/advanced/events/).
          
    @app.on_event("startup")

C:\Users\es\AppData\Local\Programs\Python\Python313\Lib\site-packages\fastapi\applications.py:4495
  C:\Users\es\AppData\Local\Programs\Python\Python313\Lib\site-packages\fastapi\applications.py:4495: DeprecationWarning: 
          on_event is deprecated, use lifespan event handlers instead.
  
          Read more about it in the
          [FastAPI docs for Lifespan Events](https://fastapi.tiangolo.com/advanced/events/).
          
    return self.router.on_event(event_type)

tests/test_auth_hardened.py::test_refresh_token_rotation
tests/test_auth_hardened.py::test_refresh_token_rotation
tests/test_auth_hardened.py::test_refresh_token_rotation
tests/test_auth_hardened.py::test_refresh_token_rotation
tests/test_auth_hardened.py::test_refresh_token_rotation
  C:\Users\es\AppData\Local\Programs\Python\Python313\Lib\site-packages\sqlalchemy\sql\schema.py:3624: DeprecationWarning: datetime.datetime.utcnow() is deprecated and scheduled for removal in a future version. Use timezone-aware objects to represent datetimes in UTC: datetime.datetime.now(datetime.UTC).
    return util.wrap_callable(lambda ctx: fn(), fn)  # type: ignore

tests/test_auth_hardened.py::test_refresh_token_rotation
  C:\Users\es\AppData\Local\Programs\Python\Python313\Lib\site-packages\jose\jwt.py:311: DeprecationWarning: datetime.datetime.utcnow() is deprecated and scheduled for removal in a future version. Use timezone-aware objects to represent datetimes in UTC: datetime.datetime.now(datetime.UTC).
    now = timegm(datetime.utcnow().utctimetuple())

-- Docs: https://docs.pytest.org/en/stable/how-to/capture-warnings.html

---------- coverage: platform win32, python 3.13.11-final-0 ----------
Name                                               Stmts   Miss  Cover   Missing
--------------------------------------------------------------------------------
backend\__init__.py                                    0      0   100%
backend\ai\__init__.py                                 0      0   100%
backend\ai\adapters\patient_adapter.py                59     48    19%   15, 19-49, 74-80, 91-112, 122-156, 160-169
backend\ai\agent\circuit_breaker.py                   44     24    45%   31-37, 41-50, 54-70
backend\ai\agent\core.py                             188    164    13%   25-35, 39-43, 53-70, 85-218, 231-275, 279-303, 307-323, 330-391, 397, 406-408
backend\ai\agent\limiter.py                           22     10    55%   29-44, 48, 52
backend\ai\agent\prompt.py                            34     30    12%   19-202
backend\ai\agent\router.py                            16     11    31%   26-44
backend\ai\agent\state_manager.py                     28     10    64%   29-32, 35-41, 44
backend\ai\analytics\__init__.py                       0      0   100%
backend\ai\analytics\service.py                       44     33    25%   26-86, 108-132
backend\ai\config.py                                  10      0   100%
backend\ai\errors.py                                  27     12    56%   18-21, 33, 42, 53, 65, 78-80, 87
backend\ai\executor.py                                80     52    35%   31-38, 43-45, 49-51, 55-57, 61-63, 67-69, 74, 126-213, 222
backend\ai\extensions\__init__.py                      0      0   100%
backend\ai\extensions\sample_echo.py                   7      2    71%   7-8
backend\ai\handlers\admin.py                         114     92    19%   18-22, 26-29, 33-38, 42-47, 51-57, 74-92, 96-120, 124-139, 143-151, 159-171, 175-185, 189-199, 203-212, 216-217, 224-230
backend\ai\handlers\appointment.py                   167    156     7%   12-14, 18-59, 76-134, 145-257, 273-379
backend\ai\handlers\base.py                           10      4    60%   10-12, 16
backend\ai\handlers\clinical.py                      122    100    18%   21-24, 29-30, 38-40, 45-68, 77-102, 107-183, 195-216, 220-234
backend\ai\handlers\finance.py                       145    124    14%   16-18, 23-64, 78-154, 169-235, 243-270, 288-315, 334-386
backend\ai\handlers\patient.py                        19      8    58%   14-16, 20, 24, 28, 32, 36
backend\ai\policy\execution_policy.py                 34     15    56%   66-75, 79, 84-87, 91-94
backend\ai\privacy\__init__.py                         0      0   100%
backend\ai\privacy\scrubber.py                        31     21    32%   26-52, 57-63
backend\ai\response_models.py                         24     24     0%   6-41
backend\ai\security\sanitizer.py                      26     17    35%   17-36, 47-49, 56-71
backend\ai\tools\base.py                              16      2    88%   43, 60
backend\ai\tools\definitions.py                       35      0   100%
backend\ai\tools\registry.py                          37      5    86%   33, 51-52, 60, 64
backend\ai\tools\security.py                          19      2    89%   28, 37
backend\ai\validation_layer.py                        46     31    33%   33-47, 59, 66, 74-101
backend\auth.py                                       32      4    88%   18-19, 29, 41
backend\backup_service.py                             96     96     0%   1-197
backend\cache.py                                      35     20    43%   17-18, 35-52, 68-73, 78-82
backend\constants.py                                  10     10     0%   11-27
backend\core\cache.py                                 59     40    32%   23-35, 41-43, 46-59, 62-69, 72-79
backend\core\config.py                                15      4    73%   9, 26, 34, 42
backend\core\exceptions.py                            93     30    68%   76-80, 89, 103, 112, 121, 133, 145, 157, 171, 183, 190, 202, 241-250, 263-281, 298-299, 314-327
backend\core\limiter.py                                3      0   100%
backend\core\migrations.py                           180     19    89%   18-19, 26, 111-112, 148-149, 173-174, 204-205, 250-251, 276-277, 328-329, 387-388
backend\core\monitoring.py                            80     46    42%   67-89, 93-94, 98-99, 103-129, 143-147, 151-176, 190, 195, 200-201, 206
backend\core\permissions.py                           70     16    77%   160-166, 170-174, 202-209
backend\core\response.py                              24      3    88%   35, 43, 56
backend\core\security.py                             132     82    38%   94-101, 103, 125, 138-151, 166-179, 198-219, 235-255, 260, 293-303, 307-315, 327-330
backend\core\seeding.py                               44     22    50%   20-27, 40-56, 59-64, 71-78
backend\core\startup.py                               24      8    67%   17, 23-31
backend\core\tenancy.py                                9      2    78%   9, 13
backend\crud\__init__.py                               5      0   100%
backend\crud\appointment.py                           33     27    18%   8-21, 32-53, 59-73, 78-95
backend\crud\auth.py                                  46     33    28%   8, 12-20, 37, 45, 53-63, 69-72, 78-98, 102-110
backend\crud\billing.py                              219    198    10%   26-75, 82-92, 100-193, 197-208, 218-248, 259-292, 296, 309-328, 332-341, 346-350, 354, 365-373, 382-538, 554-639
backend\crud\patient.py                               96     75    22%   10-18, 23-24, 36-37, 64-65, 87-111, 117-123, 128-136, 141-160, 165, 178-198, 203-207, 211, 223-234, 239-243, 247, 260-272
backend\crud\procedure.py                             27     20    26%   8, 23-27, 33-51, 55-79
backend\database.py                                   53     16    70%   27-34, 38, 50-51, 62-64, 107-111, 116-117
backend\email_service.py                              64     47    27%   24-25, 55-182
backend\google_drive_client.py                        88     59    33%   52-53, 92-94, 106-116, 131-144, 172-261
backend\main.py                                      220     60    73%   53-64, 71-72, 78-79, 86-87, 103-104, 119-120, 177, 268-278, 338, 362-371, 383-406, 411, 421-425, 434, 439-440, 445-456
backend\middleware\error_logging.py                   29     17    41%   16-48
backend\middleware\security_headers.py                17      0   100%
backend\middleware\tenant.py                          21      8    62%   17-37
backend\models\__init__.py                            13      0   100%
backend\models\ai_audit.py                            43      4    91%   81, 86, 91, 96
backend\models\base.py                                 5      0   100%
backend\models\clinical.py                            99      0   100%
backend\models\financial.py                           46      1    98%   33
backend\models\inventory.py                           92      0   100%
backend\models\medication.py                          16      0   100%
backend\models\patient.py                             35      0   100%
backend\models\price_list.py                          69     12    83%   115-128, 171-173
backend\models\security_event.py                      17      0   100%
backend\models\system.py                             119      0   100%
backend\models\tenant.py                              63      0   100%
backend\models\user.py                                61      0   100%
backend\plugins\__init__.py                            1      1     0%   14
backend\rag\store.py                                  84     51    39%   13-15, 25, 29, 32, 35, 45-51, 56-62, 66-75, 78-84, 87-92, 99, 103-108, 112, 118, 124-127, 136-141, 148
backend\routers\__init__.py                            0      0   100%
backend\routers\accounting.py                         92     65    29%   31-38, 52-62, 75-83, 96-103, 116-186, 217-221, 236-243, 256-262, 273-279
backend\routers\admin_audit.py                        39     24    38%   31-33, 50-71, 88
backend\routers\admin_doctors.py                      45     20    56%   46-59, 78-110, 124
backend\routers\admin_features.py                     27      9    67%   21-27, 34, 43, 54, 66
backend\routers\admin_security.py                     38     14    63%   27-33, 46, 53, 62, 73-74, 86, 95-104
backend\routers\admin_stats.py                        30     14    53%   32-34, 44, 49-77
backend\routers\admin_subscriptions.py                41     17    59%   20-22, 31-32, 41-42, 52-53, 62-63, 74-75, 84-85, 94-95
backend\routers\admin_system.py                      118     82    31%   29-33, 38-40, 53-81, 90-112, 124, 134-147, 155-178, 192-193, 202-217, 230-240, 249-281
backend\routers\admin_tenants.py                      70     45    36%   21-23, 33-35, 45-54, 63-67, 76-80, 89-93, 104-125, 138-145
backend\routers\ai.py                                 22      5    77%   34-37, 51-52
backend\routers\ai_admin.py                           21      8    62%   21-28, 44-56
backend\routers\ai_assist.py                          24     10    58%   29-80
backend\routers\analytics_ai_v2.py                   227    180    21%   23-24, 37-72, 89-126, 137-157, 172-211, 224-294, 314-321, 332-350, 362-390, 405-423, 454-460, 490-612, 626-669
backend\routers\appointments.py                       43     21    51%   38-41, 57-65, 80-98, 115-124
backend\routers\attachments.py                         9      1    89%   19
backend\routers\auth\__init__.py                      11      0   100%
backend\routers\auth\debug.py                         84     63    25%   18-35, 41-82, 88, 94-104, 115-164
backend\routers\auth\dependencies.py                  68     54    21%   23-43, 54-149
backend\routers\auth\login.py                        153     69    55%   21, 37-39, 43-52, 62-65, 68-75, 89, 96, 106, 111, 115, 126-130, 174-176, 185-189, 212, 223-229, 234, 240, 285, 287, 305, 315-316, 327-386
backend\routers\auth\register.py                      41     30    27%   28-109
backend\routers\auth\security.py                      29     16    45%   20-36, 47-56
backend\routers\auth\settings.py                      11      2    82%   15-21
backend\routers\auth\users.py                         19     10    47%   19-30, 36
backend\routers\dashboard.py                          23      6    74%   28-30, 42-44
backend\routers\expenses.py                           23      7    70%   26, 36-45, 55-63, 73
backend\routers\financials.py                         25     12    52%   24-29, 42-47
backend\routers\health.py                            149     94    37%   81-98, 103-130, 135-148, 153-179, 186-193, 208, 224-248, 265, 275-284, 293-294, 307-328, 337-357
backend\routers\insurance.py                          72     38    47%   52-80, 90-107, 133-164, 183-204, 215-241
backend\routers\inventory.py                         153    100    35%   29, 39, 50-55, 65, 73, 85-90, 101-108, 119, 131, 151-169, 181, 194-205, 218-224, 239-311, 322-340, 351-361, 372-414, 425-441, 454-475
backend\routers\inventory_smart.py                    43     30    30%   25-37, 51-123
backend\routers\laboratories.py                      209    165    21%   25-27, 33, 49, 59-65, 75-85, 96-114, 124-138, 152-173, 184-245, 255-269, 280-352, 362-385, 396-422, 430-464, 487-544, 566-586, 596-605
backend\routers\medications.py                        33     19    42%   18-26, 35-44, 53-70
backend\routers\metrics.py                            51     31    39%   32-35, 47-51, 63-67, 82-141
backend\routers\notifications.py                      64     43    33%   16-18, 27-58, 68-84, 94-118, 128-135, 145-156
backend\routers\password_reset.py                     57     36    37%   41-81, 100-136, 147-162
backend\routers\patients.py                          102     63    38%   39-61, 77-89, 105-113, 129-136, 152-167, 183-202, 222-251, 262-265, 275-278, 288-291, 301-304, 314-317
backend\routers\payments.py                           42     17    60%   41-58, 74-77, 87-96, 108-109, 118-119
backend\routers\prescriptions.py                      21      9    57%   25-37, 47-56
backend\routers\price_lists.py                       135     78    42%   71-74, 94-100, 110-156, 166-173, 193-221, 234-282, 293-325, 335-357
backend\routers\procedures.py                         29     11    62%   21, 32, 42-47, 58-60, 70-72
backend\routers\repair.py                            156    138    12%   20-172, 182-262, 272-299
backend\routers\settings.py                          221    179    19%   42-46, 60-73, 91-93, 106-123, 136-211, 224-246, 260-264, 280-341, 355-448, 463-474, 488-490, 502-521
backend\routers\support.py                            51     31    39%   25-58, 68-83, 95-105, 116-126
backend\routers\system_admin.py                      209    209     0%   1-516
backend\routers\system_logs.py                        25     12    52%   23-31, 46-59
backend\routers\treatments.py                         30     10    67%   38-39, 55-56, 71-72, 88-91
backend\routers\upload.py                             42     24    43%   44-89
backend\routers\users.py                              44     27    39%   30-36, 49-83, 94-99, 109-110
backend\schemas\__init__.py                           10      0   100%
backend\schemas\ai.py                                 18      0   100%
backend\schemas\ai_tools.py                          128    128     0%   1-237
backend\schemas\auth.py                               59      0   100%
backend\schemas\billing.py                            53      0   100%
backend\schemas\clinical.py                           81      0   100%
backend\schemas\inventory.py                         134      0   100%
backend\schemas\laboratory.py                         71      0   100%
backend\schemas\patient.py                            50      0   100%
backend\schemas\system.py                            107      0   100%
backend\schemas\system_log.py                         20      0   100%
backend\schemas\tenant.py                            104      0   100%
backend\scripts\fix_global_procedures.py              38     15    61%   34-35, 62-90, 98-101
backend\scripts\seed_procedures.py                    29      7    76%   63-65, 72-74, 80
backend\scripts\seeds\__init__.py                      0      0   100%
backend\scripts\seeds\seed.py                         49     32    35%   66-69, 72-73, 81-82, 88-140
backend\services\accounting_service.py               180    153    15%   22-23, 29-33, 37-39, 51-73, 87-102, 106, 121, 136, 149, 165-208, 221-356, 362-392, 429-462, 466-474, 490-522, 526-595, 608-647, 651-675, 681-706
backend\services\admin_service.py                    145    124    14%   24, 28, 32, 44-57, 61-83, 87-101, 108, 116, 120-126, 130-136, 140-162, 172-284
backend\services\ai_learning_service.py               46     35    24%   28-29, 36-121, 130
backend\services\ai_service.py                       192    165    14%   26-30, 38-74, 89-260, 264-295, 301-426, 430-484, 498-537
backend\services\analytics_service.py                105     90    14%   15-16, 20-52, 60-76, 88-107, 114-123, 127-162, 172-191, 202-239, 252-316
backend\services\auth_service.py                      55     20    64%   63-77, 82, 98-99, 109, 113-119, 123-125
backend\services\backup_service.py                    90     80    11%   15-70, 81-172
backend\services\billing_service.py                   83     63    24%   20-22, 28, 39-52, 65-77, 81, 92, 104-107, 125-137, 148-169, 183-203, 224-254, 258-270, 284-331
backend\services\cache_service.py                     49     34    31%   29-35, 40-50, 65-98
backend\services\clinical_service.py                 117    102    13%   12-14, 17-39, 54-89, 106-120, 126-138, 152-189, 193-306, 309-318
backend\services\cost_engine.py                       69     58    16%   13-14, 22-74, 82-170, 188-218
backend\services\export_service.py                    93     83    11%   19-27, 32-44, 58-277, 291-292
backend\services\feature_service.py                   55     41    25%   17-51, 55-67, 71-82, 87-111, 115
backend\services\financial_visibility_service.py      40     28    30%   32-34, 43-62, 71-93, 97-103, 115-128, 135
backend\services\import_service.py                   336    323     4%   20-25, 30-37, 47-65, 76-302, 318-631, 652-677
backend\services\inventory_learning_service.py        97     84    13%   15, 22-210, 216-223, 235-273
backend\services\inventory_service.py                281    252    10%   23, 29-34, 37-38, 44-71, 77-82, 85-86, 95-109, 120-170, 186-249, 268-320, 326-327, 344-398, 406-443, 462-636, 642-676, 686-751, 765-792, 806-869
backend\services\job_service.py                       27     17    37%   12-22, 29-42, 47
backend\services\knowledge_service.py                 12      5    58%   11, 15-18, 22, 26
backend\services\patient_service.py                  111     93    16%   22-25, 30-35, 48-89, 102-107, 124-165, 173-224, 237-281, 295-330
backend\services\pricing_service.py                   69     51    26%   28-29, 35, 47, 59-74, 90-123, 127-138, 167-200, 218-239, 249
backend\services\scribe_service.py                    22     12    45%   38-39, 43-63
backend\services\security_service.py                  74     53    28%   17-33, 46-77, 81-83, 93-111, 115-124, 129-179
backend\services\subscription_service.py             116     88    24%   16-40, 44-53, 57-64, 69-84, 98, 107-140, 147-167, 172-182, 187, 199-235, 239-248
backend\services\treatment_service.py                 91     71    22%   31-34, 50-90, 102-127, 142-176, 196-245, 261-278, 282-292, 298
backend\services\visibility_service.py                46     30    35%   34-37, 46-59, 63-85, 89-96, 104-108, 120, 132-133, 140
backend\tasks\email_tasks.py                          13      7    46%   14-24
backend\tests\conftest.py                            104     39    62%   76-77, 103-116, 122-135, 141-153, 159-170, 181-188, 194-201, 207-214, 225-229, 235-239
backend\tests\test_auth_hardened.py                   96     75    22%   18-22, 27-82, 118-126, 133-181, 186-232, 237-247
backend\utils\audit_logger.py                         29     17    41%   32-39, 44, 63-91
--------------------------------------------------------------------------------
TOTAL                                              11056   6651    40%
Coverage HTML written to dir htmlcov

C:\Users\es\AppData\Local\Programs\Python\Python313\Lib\site-packages\_pytest\unraisableexception.py:67: 
PytestUnraisableExceptionWarning: Exception ignored in: <gzip on 0x21587395510>

Traceback (most recent call last):
  File "C:\Users\es\AppData\Local\Programs\Python\Python313\Lib\gzip.py", line 373, in close
    fileobj.write(self.compress.flush())
    ~~~~~~~~~~~~~^^^^^^^^^^^^^^^^^^^^^^^
ValueError: I/O operation on closed file.

Enable tracemalloc to get traceback where the object was allocated.
See https://docs.pytest.org/en/stable/how-to/capture-warnings.html#resource-warnings for more info.
  warnings.warn(pytest.PytestUnraisableExceptionWarning(msg))
=========================== short test summary info ===========================
FAILED backend\tests\test_auth_hardened.py::test_refresh_token_rotation - AssertionError: Refresh failed: {"error":{"code":"HTTP_500","message":"Token refresh failed","details":null,"trace_id":"37763aa8-8642-4dd2-b5f5-907d46a66190","timestamp":"2026-04-16T18:04:39.463630+00:00","path":"/api/v1/refresh"}}
assert 500 == 200
 +  where 500 = <Response [500 Internal Server Error]>.status_code
!!!!!!!!!!!!!!!!!!!!!!!!!! stopping after 1 failures !!!!!!!!!!!!!!!!!!!!!!!!!!
================= 1 failed, 21 warnings in 252.21s (0:04:12) ==================
