============================= test session starts =============================
platform win32 -- Python 3.13.11, pytest-9.0.2, pluggy-1.6.0 -- C:\Users\es\AppData\Local\Programs\Python\Python313\python.exe
cachedir: .pytest_cache
rootdir: D:\DENTIX\backend
configfile: pytest.ini
plugins: anyio-4.12.1, Faker-40.1.2, locust-2.43.1, asyncio-1.3.0, cov-4.1.0
asyncio: mode=Mode.AUTO, debug=False, asyncio_default_fixture_loop_scope=None, asyncio_default_test_loop_scope=function
collecting ... collected 1 item

backend\tests\test_api_endpoints.py::TestPatientsAPI::test_create_patient FAILED [100%]

================================== FAILURES ===================================
_____________________ TestPatientsAPI.test_create_patient _____________________
backend\tests\test_api_endpoints.py:24: in test_create_patient
    assert response.status_code in (200, 201, 202)
E   assert 405 in (200, 201, 202)
E    +  where 405 = <Response [405 Method Not Allowed]>.status_code
---------------------------- Captured stderr setup ----------------------------
INFO:slowapi:Storage has been reset and all limits cleared
----------------------------- Captured log setup ------------------------------
INFO     slowapi:extension.py:360 Storage has been reset and all limits cleared
---------------------------- Captured stderr call -----------------------------
INFO:httpx:HTTP Request: POST http://testserver/api/v1/patients/ "HTTP/1.1 405 Method Not Allowed"
------------------------------ Captured log call ------------------------------
INFO     httpx:_client.py:1013 HTTP Request: POST http://testserver/api/v1/patients/ "HTTP/1.1 405 Method Not Allowed"
============================== warnings summary ===============================
backend\schemas\laboratory.py:86
  D:\DENTIX\backend\schemas\laboratory.py:86: DeprecationWarning: datetime.datetime.utcnow() is deprecated and scheduled for removal in a future version. Use timezone-aware objects to represent datetimes in UTC: datetime.datetime.now(datetime.UTC).
    date: datetime = datetime.utcnow()

backend\schemas\inventory.py:27
  D:\DENTIX\backend\schemas\inventory.py:27: PydanticDeprecatedSince20: Support for class-based `config` is deprecated, use ConfigDict instead. Deprecated in Pydantic V2.0 to be removed in V3.0. See Pydantic V2 Migration Guide at https://errors.pydantic.dev/2.12/migration/
    class WarehouseRead(WarehouseBase):

backend\schemas\inventory.py:58
  D:\DENTIX\backend\schemas\inventory.py:58: PydanticDeprecatedSince20: Support for class-based `config` is deprecated, use ConfigDict instead. Deprecated in Pydantic V2.0 to be removed in V3.0. See Pydantic V2 Migration Guide at https://errors.pydantic.dev/2.12/migration/
    class MaterialRead(MaterialBase):

backend\schemas\inventory.py:78
  D:\DENTIX\backend\schemas\inventory.py:78: PydanticDeprecatedSince20: Support for class-based `config` is deprecated, use ConfigDict instead. Deprecated in Pydantic V2.0 to be removed in V3.0. See Pydantic V2 Migration Guide at https://errors.pydantic.dev/2.12/migration/
    class BatchRead(BatchBase):

backend\schemas\inventory.py:97
  D:\DENTIX\backend\schemas\inventory.py:97: PydanticDeprecatedSince20: Support for class-based `config` is deprecated, use ConfigDict instead. Deprecated in Pydantic V2.0 to be removed in V3.0. See Pydantic V2 Migration Guide at https://errors.pydantic.dev/2.12/migration/
    class StockItemRead(StockItemBase):

backend\schemas\inventory.py:118
  D:\DENTIX\backend\schemas\inventory.py:118: PydanticDeprecatedSince20: Support for class-based `config` is deprecated, use ConfigDict instead. Deprecated in Pydantic V2.0 to be removed in V3.0. See Pydantic V2 Migration Guide at https://errors.pydantic.dev/2.12/migration/
    class MaterialSessionRead(MaterialSessionBase):

backend\schemas\inventory.py:162
  D:\DENTIX\backend\schemas\inventory.py:162: PydanticDeprecatedSince20: Support for class-based `config` is deprecated, use ConfigDict instead. Deprecated in Pydantic V2.0 to be removed in V3.0. See Pydantic V2 Migration Guide at https://errors.pydantic.dev/2.12/migration/
    class StockMovementRead(BaseModel):

backend\schemas\inventory.py:192
  D:\DENTIX\backend\schemas\inventory.py:192: PydanticDeprecatedSince20: Support for class-based `config` is deprecated, use ConfigDict instead. Deprecated in Pydantic V2.0 to be removed in V3.0. See Pydantic V2 Migration Guide at https://errors.pydantic.dev/2.12/migration/
    class ProcedureName(BaseModel):

backend\schemas\inventory.py:199
  D:\DENTIX\backend\schemas\inventory.py:199: PydanticDeprecatedSince20: Support for class-based `config` is deprecated, use ConfigDict instead. Deprecated in Pydantic V2.0 to be removed in V3.0. See Pydantic V2 Migration Guide at https://errors.pydantic.dev/2.12/migration/
    class ProcedureWeightRead(ProcedureWeightBase):

C:\Users\es\AppData\Local\Programs\Python\Python313\Lib\site-packages\zxcvbn\__init__.py:6
  C:\Users\es\AppData\Local\Programs\Python\Python313\Lib\site-packages\zxcvbn\__init__.py:6: DeprecationWarning: deprecated
    warnings.warn("deprecated", DeprecationWarning)

backend\routers\admin_doctors.py:28
  D:\DENTIX\backend\routers\admin_doctors.py:28: PydanticDeprecatedSince20: Support for class-based `config` is deprecated, use ConfigDict instead. Deprecated in Pydantic V2.0 to be removed in V3.0. See Pydantic V2 Migration Guide at https://errors.pydantic.dev/2.12/migration/
    class DoctorVisibilityResponse(BaseModel):

backend\routers\price_lists.py:49
  D:\DENTIX\backend\routers\price_lists.py:49: PydanticDeprecatedSince20: Support for class-based `config` is deprecated, use ConfigDict instead. Deprecated in Pydantic V2.0 to be removed in V3.0. See Pydantic V2 Migration Guide at https://errors.pydantic.dev/2.12/migration/
    class PriceListResponse(BaseModel):

backend\routers\insurance.py:32
  D:\DENTIX\backend\routers\insurance.py:32: PydanticDeprecatedSince20: Support for class-based `config` is deprecated, use ConfigDict instead. Deprecated in Pydantic V2.0 to be removed in V3.0. See Pydantic V2 Migration Guide at https://errors.pydantic.dev/2.12/migration/
    class InsuranceProviderResponse(BaseModel):

backend\main.py:430
  D:\DENTIX\backend\main.py:430: DeprecationWarning: 
          on_event is deprecated, use lifespan event handlers instead.
  
          Read more about it in the
          [FastAPI docs for Lifespan Events](https://fastapi.tiangolo.com/advanced/events/).
          
    @app.on_event("startup")

C:\Users\es\AppData\Local\Programs\Python\Python313\Lib\site-packages\fastapi\applications.py:4495
  C:\Users\es\AppData\Local\Programs\Python\Python313\Lib\site-packages\fastapi\applications.py:4495: DeprecationWarning: 
          on_event is deprecated, use lifespan event handlers instead.
  
          Read more about it in the
          [FastAPI docs for Lifespan Events](https://fastapi.tiangolo.com/advanced/events/).
          
    return self.router.on_event(event_type)

tests/test_api_endpoints.py::TestPatientsAPI::test_create_patient
  C:\Users\es\AppData\Local\Programs\Python\Python313\Lib\site-packages\sqlalchemy\sql\schema.py:3624: DeprecationWarning: datetime.datetime.utcnow() is deprecated and scheduled for removal in a future version. Use timezone-aware objects to represent datetimes in UTC: datetime.datetime.now(datetime.UTC).
    return util.wrap_callable(lambda ctx: fn(), fn)  # type: ignore

-- Docs: https://docs.pytest.org/en/stable/how-to/capture-warnings.html
=========================== short test summary info ===========================
FAILED backend\tests\test_api_endpoints.py::TestPatientsAPI::test_create_patient
!!!!!!!!!!!!!!!!!!!!!!!!!! stopping after 1 failures !!!!!!!!!!!!!!!!!!!!!!!!!!
======================= 1 failed, 16 warnings in 0.68s ========================
