============================= test session starts =============================
platform win32 -- Python 3.11.6, pytest-9.0.2, pluggy-1.6.0 -- C:\Users\es\AppData\Local\Programs\Python\Python311\python.exe
cachedir: .pytest_cache
rootdir: D:\smart-clinic-v2plus-main\smart-clinic-v2plus-main\backend
configfile: pytest.ini
plugins: anyio-4.12.1, Faker-40.1.2, asyncio-1.3.0, cov-4.1.0
asyncio: mode=Mode.AUTO, debug=False, asyncio_default_fixture_loop_scope=None, asyncio_default_test_loop_scope=function
collecting ... collected 0 items / 1 error

=================================== ERRORS ====================================
_______________ ERROR collecting tests/test_inventory_smart.py ________________
ImportError while importing test module 'D:\smart-clinic-v2plus-main\smart-clinic-v2plus-main\backend\tests\test_inventory_smart.py'.
Hint: make sure your test modules/packages have valid Python names.
Traceback:
C:\Users\es\AppData\Local\Programs\Python\Python311\Lib\importlib\__init__.py:126: in import_module
    return _bootstrap._gcd_import(name[level:], package, level)
           ^^^^^^^^^^^^^^^^^^^^^^^^^^^^^^^^^^^^^^^^^^^^^^^^^^^^
backend\tests\test_inventory_smart.py:6: in <module>
    from backend.main import app
E   ModuleNotFoundError: No module named 'backend'

---------- coverage: platform win32, python 3.11.6-final-0 -----------
Name                                     Stmts   Miss  Cover   Missing
----------------------------------------------------------------------
backend\__init__.py                          0      0   100%
backend\ai\__init__.py                       0      0   100%
backend\ai\analytics\__init__.py             0      0   100%
backend\ai\analytics\service.py             44     44     0%   6-112
backend\ai\config.py                        12     12     0%   6-66
backend\ai\errors.py                        27     27     0%   5-45
backend\ai\executor.py                      81     81     0%   6-211
backend\ai\extensions\__init__.py            0      0   100%
backend\ai\extensions\sample_echo.py         7      7     0%   1-24
backend\ai\privacy\__init__.py               0      0   100%
backend\ai\privacy\scrubber.py              31     31     0%   5-64
backend\ai\response_models.py               24     24     0%   5-34
backend\ai\validation_layer.py              46     46     0%   6-99
backend\apply_jobs_migration.py             20     20     0%   1-35
backend\apply_security_migration.py         33     33     0%   1-94
backend\auth.py                             35     35     0%   1-59
backend\backup_service.py                   97     97     0%   2-197
backend\benchmark_ai.py                     38     38     0%   2-61
backend\cache.py                            35     35     0%   5-78
backend\check_db.py                         28     28     0%   1-42
backend\check_material_prices.py            14     14     0%   1-17
backend\check_service_output.py             28     28     0%   1-47
backend\constants.py                        21     21     0%   8-39
backend\crud\__init__.py                     5      5     0%   1-17
backend\crud\appointment.py                 33     33     0%   1-87
backend\crud\appointment_async.py           37     37     0%   6-89
backend\crud\auth.py                        46     46     0%   1-101
backend\crud\billing.py                    172    172     0%   1-467
backend\crud\patient.py                     87     87     0%   1-236
backend\crud\patient_async.py               96     96     0%   6-218
backend\crud\procedure.py                   25     25     0%   1-57
backend\database.py                         46     46     0%   9-105
backend\debug_auth.py                       36     36     0%   1-65
backend\debug_calc.py                       38     38     0%   1-59
backend\debug_double_encryption.py          38     38     0%   2-72
backend\debug_inventory.py                  21     21     0%   1-27
backend\debug_login_repro.py                25     25     0%   2-42
backend\debug_material.py                    8      8     0%   1-9
backend\debug_procedures.py                 26     26     0%   1-37
backend\debug_root.py                       13     13     0%   1-15
backend\debug_zombies.py                    44     44     0%   2-60
backend\diagnose_error.py                   59     59     0%   1-73
backend\email_service.py                    64     64     0%   6-161
backend\fix_schema_stress.py                31     31     0%   5-45
backend\fix_soft_delete_nulls.py            26     26     0%   2-39
backend\fix_stock.py                        25     25     0%   1-53
backend\force_cleanup.py                    32     32     0%   1-40
backend\google_drive_client.py              88     88     0%   7-259
backend\install_deps.py                      8      8     0%   1-10
backend\main.py                            256    256     0%   9-461
backend\migrate_db_updates.py               28     28     0%   1-38
backend\migrate_schema_sync.py              38     38     0%   2-57
backend\migrate_soft_delete.py              43     43     0%   2-59
backend\migrate_soft_delete_v2.py           43     43     0%   1-65
backend\migrate_system_settings.py          23     23     0%   2-45
backend\migrate_tenants.py                  27     27     0%   2-43
backend\migrate_trace_id.py                 30     30     0%   1-43
backend\migrate_unique_constraints.py       65     65     0%   1-87
backend\migrate_user_active.py              26     26     0%   2-42
backend\models\__init__.py                  12     12     0%   1-33
backend\models\ai_audit.py                  29     29     0%   1-49
backend\models\base.py                       4      4     0%   1-15
backend\models\clinical.py                  95     95     0%   1-132
backend\models\financial.py                 33     33     0%   1-45
backend\models\inventory.py                 92     92     0%   1-150
backend\models\medication.py                16     16     0%   1-19
backend\models\patient.py                   35     35     0%   1-63
backend\models\price_list.py                69     69     0%   10-148
backend\models\security_event.py            17     17     0%   1-29
backend\models\system.py                   112    112     0%   1-151
backend\models\system_log.py                26     26     0%   1-33
backend\models\tenant.py                    63     63     0%   1-87
backend\models\user.py                      60     60     0%   1-87
backend\plugins\__init__.py                  1      1     0%   14
backend\reset_admin_password.py             31     31     0%   2-45
backend\routers\__init__.py                  0      0   100%
backend\routers\accounting.py               88     88     0%   5-248
backend\routers\admin.py                   372    372     0%   1-705
backend\routers\admin_doctors.py            44     44     0%   6-112
backend\routers\admin_features.py           27     27     0%   1-61
backend\routers\admin_security.py           37     37     0%   1-90
backend\routers\admin_subscriptions.py      27     27     0%   1-55
backend\routers\ai.py                       21     21     0%   6-49
backend\routers\ai_admin.py                 23     23     0%   1-59
backend\routers\ai_assist.py                24     24     0%   1-71
backend\routers\analytics_ai_v2.py         241    241     0%   1-670
backend\routers\appointments.py             27     27     0%   5-65
backend\routers\appointments_async.py       39     39     0%   8-94
backend\routers\attachments.py               8      8     0%   1-17
backend\routers\auth.py                    315    315     0%   6-672
backend\routers\dashboard.py                13     13     0%   5-31
backend\routers\expenses.py                 20     20     0%   5-55
backend\routers\financials.py               13     13     0%   1-24
backend\routers\health.py                  125    125     0%   16-310
backend\routers\insurance.py                77     77     0%   6-212
backend\routers\inventory.py               136    136     0%   1-333
backend\routers\inventory_smart.py          42     42     0%   1-89
backend\routers\laboratories.py            174    174     0%   5-392
backend\routers\medications.py              30     30     0%   1-59
backend\routers\metrics.py                  53     53     0%   7-134
backend\routers\notifications.py            61     61     0%   1-130
backend\routers\password_reset.py           57     57     0%   5-141
backend\routers\patients.py                 88     88     0%   5-215
backend\routers\patients_async.py           53     53     0%   8-132
backend\routers\payments.py                 31     31     0%   5-81
backend\routers\prescriptions.py            14     14     0%   5-34
backend\routers\price_lists.py             132    132     0%   6-326
backend\routers\procedures.py               28     28     0%   5-68
backend\routers\repair.py                  120    120     0%   1-172
backend\routers\settings.py                181    181     0%   5-383
backend\routers\support.py                  54     54     0%   1-109
backend\routers\system_admin.py            189    189     0%   1-381
backend\routers\system_logs.py              23     23     0%   1-50
backend\routers\treatments.py               83     83     0%   5-195
backend\routers\upload.py                   40     40     0%   1-85
backend\routers\users.py                    52     52     0%   5-117
backend\schemas\__init__.py                 10     10     0%   10-77
backend\schemas\ai.py                       19     19     0%   1-22
backend\schemas\ai_tools.py                128    128     0%   1-200
backend\schemas\auth.py                     58     58     0%   2-83
backend\schemas\billing.py                  53     53     0%   2-74
backend\schemas\clinical.py                 79     79     0%   2-130
backend\schemas\inventory.py               120    120     0%   1-160
backend\schemas\laboratory.py               60     60     0%   2-80
backend\schemas\patient.py                  49     49     0%   2-73
backend\schemas\system.py                   93     93     0%   2-138
backend\schemas\system_log.py               20     20     0%   1-25
backend\schemas\tenant.py                  104    104     0%   2-142
backend\seed.py                             49     49     0%   1-129
backend\seed_data.py                       101    101     0%   5-198
backend\seed_settings.py                    28     28     0%   1-52
backend\seed_stress_test.py                 95     95     0%   9-193
backend\seed_test_data.py                   65     65     0%   2-146
backend\test_admin_route.py                 21     21     0%   1-33
backend\test_ai_connection.py               25     25     0%   1-37
backend\test_ai_request.py                  33     33     0%   2-52
backend\test_analytics.py                   24     24     0%   2-33
backend\test_api_BOM.py                     34     34     0%   1-57
backend\test_api_procedures.py              25     25     0%   1-35
backend\test_bom_debug.py                   35     35     0%   1-54
backend\test_cors.py                        12     12     0%   1-18
backend\test_cost_calculation.py            82     82     0%   1-119
backend\test_delete_material.py             29     29     0%   1-57
backend\test_enterprise_features.py         62     62     0%   2-92
backend\test_login.py                       15     15     0%   1-18
backend\test_operational_phase5.py          39     39     0%   2-62
backend\test_routes.py                      15     15     0%   1-19
backend\test_security_phase4.py             55     55     0%   2-84
backend\test_smart_learning.py              84     84     0%   1-154
backend\tests\conftest.py                   11      6    45%   9-14
backend\tests\test_inventory_smart.py       87     81     7%   7-166
backend\verify_tenant_deletion.py           70     70     0%   1-104
----------------------------------------------------------------------
TOTAL                                     8095   8084     1%
Coverage HTML written to dir htmlcov
Coverage XML written to file coverage.xml

=========================== short test summary info ===========================
ERROR backend\tests\test_inventory_smart.py
!!!!!!!!!!!!!!!!!!!!!!!!!! stopping after 1 failures !!!!!!!!!!!!!!!!!!!!!!!!!!
!!!!!!!!!!!!!!!!!!! Interrupted: 1 error during collection !!!!!!!!!!!!!!!!!!!!
============================== 1 error in 4.32s ===============================
